// Jest Snapshot v1, https://goo.gl/fbAQLP

exports[`<Layout /> snapshots 1`] = `
<div>
  <HeaderBar />
  <Connect(WithStyles(SideBar)) />
  <main
    className="Layout-content-1"
  >
    <WithStyles(Grid)
      container={true}
    >
      <WithStyles(Grid)
        item={true}
        xs={12}
      >
        <WithStyles(Paper)
          className="Layout-paper-2"
        >
          No page content was passed
        </WithStyles(Paper)>
      </WithStyles(Grid)>
    </WithStyles(Grid)>
  </main>
</div>
`;
